<html>
<body>
<pre>
<h1>µVision Build Log</h1>
<h2>Tool Versions:</h2>
IDE-Version: ¦ÌVision V5.20.0.0
Copyright (C) 2016 ARM Ltd and ARM Germany GmbH. All rights reserved.
License Information: 111 222, 333, LIC=TIVAR-KIC8G-PZLWB-2LCHV-U8XHS-KUFY4
 
Tool Versions:
Toolchain:       MDK-ARM Plus  Version: 5.20
Toolchain Path:  Z:\Dan pian ji  anzhuang weizhi\ARM\ARMCC\Bin
C Compiler:      Armcc.exe V5.06 update 2 (build 183)
Assembler:       Armasm.exe V5.06 update 2 (build 183)
Linker/Locator:  ArmLink.exe V5.06 update 2 (build 183)
Library Manager: ArmAr.exe V5.06 update 2 (build 183)
Hex Converter:   FromElf.exe V5.06 update 2 (build 183)
CPU DLL:         SARMCM3.DLL V5.20
Dialog DLL:      DARMCM1.DLL V1.14.0.0
Target DLL:      UL2CM3.DLL V1.157.18.0
Dialog DLL:      TARMCM1.DLL V1.10.0.0
 
<h2>Project:</h2>
Z:\danpianji\dan pian ji  gong cheng\shiyan8.0 05.17\shiyan8.0 05.17.uvprojx
Project File Date:  05/17/2017

<h2>Output:</h2>
*** Using Compiler 'V5.06 update 2 (build 183)', folder: 'Z:\Dan pian ji  anzhuang weizhi\ARM\ARMCC\Bin'
Rebuild target 'Target 1'
assembling startup_LPC11xx.s...
compiling system_LPC11xx.c...
compiling shiyan8.c...
shiyan8.c(27): warning:  #1294-D: Old-style function LED_ON
  void LED_ON(ucBuf)
shiyan8.c(64): warning:  #1-D: last line of file ends without a newline
  }
shiyan8.c: 2 warnings, 0 errors
linking...
Program Size: Code=1188 RO-data=224 RW-data=8 ZI-data=608  
".\Objects\shiyan8.0 05.17" - 0 Error(s), 2 Warning(s).

<h2>Software Packages used:</h2>

Package Vendor: ARM
                http://www.keil.com/pack/ARM.CMSIS.5.0.0-Beta12.pack
                ARM::CMSIS:CORE:5.0.0
                CMSIS (Cortex Microcontroller Software Interface Standard)
   * Component: CORE Version: 5.0.0

Package Vendor: Keil
                http://www.keil.com/pack/Keil.LPC1100_DFP.1.4.0.pack
                Keil::Device:Startup:1.0.0
                NXP LPC1100 Series Device Support
   * Component: Startup Version: 1.0.0

<h2>Collection of Component include folders:</h2>
  Z:\danpianji\dan pian ji  gong cheng\shiyan8.0 05.17\RTE
  Z:\Dan pian ji  anzhuang weizhi\ARM\PACK\ARM\CMSIS\5.0.0-Beta12\CMSIS\Include
  Z:\Dan pian ji  anzhuang weizhi\ARM\PACK\Keil\LPC1100_DFP\1.4.0\Device\Include\LPC11xx

<h2>Collection of Component Files used:</h2>

   * Component: ARM::CMSIS:CORE:5.0.0

   * Component: Keil::Device:Startup:1.0.0
      Source file:   Device\Source\ARM\startup_LPC11xx.s
      Source file:   Device\Source\system_LPC11xx.c
Build Time Elapsed:  00:00:28
</pre>
</body>
</html>
